src/features/workflow/components/NodeConfigPanel.tsx(262,37): error TS2345: Argument of type 'unknown' is not assignable to parameter of type 'string'.
src/features/workflow/components/NodeConfigPanel.tsx(320,63): error TS2352: Conversion of type 'NodeConfigData | undefined' to type 'Record<string, unknown>' may be a mistake because neither type sufficiently overlaps with the other. If this was intentional, convert the expression to 'unknown' first.
  Type 'NodeConfigData' is not comparable to type 'Record<string, unknown>'.
    Index signature for type 'string' is missing in type 'NodeConfigData'.
src/features/workflow/components/NodeConfigPanel.tsx(334,19): error TS2345: Argument of type 'unknown' is not assignable to parameter of type 'SetStateAction<string>'.
src/features/workflow/components/NodeConfigPanel.tsx(335,26): error TS2345: Argument of type '{}' is not assignable to parameter of type 'SetStateAction<string>'.
src/features/workflow/components/NodeConfigPanel.tsx(386,7): error TS2741: Property 'inputs' is missing in type 'Record<string, unknown>' but required in type 'NodeConfigData'.
src/features/workflow/components/NodeConfigPanel.tsx(426,23): error TS2322: Type 'unknown' is not assignable to type 'ReactNode'.
src/features/workflow/components/NodeConfigPanel.tsx(443,21): error TS2322: Type '{}' is not assignable to type 'ReactNode'.
src/features/workflow/components/nodes/ActionNode.tsx(54,78): error TS2322: Type 'unknown' is not assignable to type 'ReactNode'.
src/features/workflow/components/nodes/ActionNode.tsx(56,17): error TS2322: Type 'unknown' is not assignable to type 'ReactNode'.
src/features/workflow/components/nodes/StartNode.tsx(34,76): error TS2322: Type 'unknown' is not assignable to type 'ReactNode'.
src/features/workflow/components/nodes/StartNode.tsx(36,15): error TS2322: Type 'unknown' is not assignable to type 'ReactNode'.
src/features/workflow/components/WorkflowNode.tsx(11,40): error TS2345: Argument of type 'unknown' is not assignable to parameter of type 'string'.
src/features/workflow/components/WorkflowNode.tsx(24,33): error TS2538: Type 'unknown' cannot be used as an index type.
src/features/workflow/components/WorkflowNode.tsx(55,13): error TS2322: Type 'unknown' is not assignable to type 'ReactNode'.
src/features/workflow/components/WorkflowNode.tsx(58,13): error TS2322: Type 'unknown' is not assignable to type 'ReactNode'.
src/features/workflow/components/WorkflowNode.tsx(67,13): error TS2322: Type '{}' is not assignable to type 'ReactNode'.
src/features/workflow/components/WorkflowTopbar.tsx(92,51): error TS2345: Argument of type '{ Name: string; DefinitionJson: { Steps: { Id: string; Type: string; ExecutionMode: string; ExecutionMetadata: {} | undefined; Inputs: {}; }[]; Transitions: { Id: string; Source: string; Target: string; }[]; }; UiJson: string; }' is not assignable to parameter of type 'WorkflowDefinitionPayload'.
  The types of 'DefinitionJson.Steps' are incompatible between these types.
    Type '{ Id: string; Type: string; ExecutionMode: string; ExecutionMetadata: {} | undefined; Inputs: {}; }[]' is not assignable to type '{ Id: string; Type: string; ExecutionMode: string; ExecutionMetadata?: any; Inputs?: Record<string, unknown> | undefined; }[]'.
      Type '{ Id: string; Type: string; ExecutionMode: string; ExecutionMetadata: {} | undefined; Inputs: {}; }' is not assignable to type '{ Id: string; Type: string; ExecutionMode: string; ExecutionMetadata?: any; Inputs?: Record<string, unknown> | undefined; }'.
        Types of property 'Inputs' are incompatible.
          Type '{}' is not assignable to type 'Record<string, unknown>'.
            Index signature for type 'string' is missing in type '{}'.
src/features/workflow/components/WorkflowTopbar.tsx(140,13): error TS2322: Type 'unknown' is not assignable to type 'string'.
src/features/workflow/components/WorkflowTopbar.tsx(164,13): error TS2322: Type 'unknown' is not assignable to type 'string'.
src/features/workflow/WorkflowEditPage.tsx(78,11): error TS2739: Type '{ label: string; type: string; category: string; description: string; isConfigured: true; status: string; stepId: string; }' is missing the following properties from type 'WorkflowNodeData': pluginMetadata, config, uiState
src/features/workflow/WorkflowEditPage.tsx(92,11): error TS2739: Type '{ label: string; type: string; category: string; description: string; isConfigured: false; status: string; stepId: string; }' is missing the following properties from type 'WorkflowNodeData': pluginMetadata, config, uiState
src/features/workflow/WorkflowEditPage.tsx(106,11): error TS2739: Type '{ label: string; type: string; category: string; description: string; isConfigured: true; status: string; stepId: string; }' is missing the following properties from type 'WorkflowNodeData': pluginMetadata, config, uiState
src/features/workflow/WorkflowEditPage.tsx(174,9): error TS2739: Type '{ type: string; label: string; category: NodeCategory; description: string; isConfigured: false; status: string; stepId: string; }' is missing the following properties from type 'WorkflowNodeData': pluginMetadata, config, uiState
